Microchip MPLAB XC8 Compiler V2.31

Linker command line:

-W-3 --edf=C:\Program Files\Microchip\xc8\v2.31\pic\dat\en_msgs.txt -cn \
  -h+dist/default/production\main_03.X.production.sym \
  --cmf=dist/default/production\main_03.X.production.cmf -z -Q16F887 \
  -oC:\Users\jpu20\AppData\Local\Temp\sj1c.2 --defsym=__MPLAB_BUILD=1 \
  -Mdist/default/production/main_03.X.production.map -E1 -ver=XC8 Compiler \
  --acfsm=1493 -ASTACK=0110h-016Fh -pstack=STACK -ACODE=00h-07FFhx4 \
  -ASTRCODE=00h-01FFFh -ASTRING=00h-0FFhx32 -ACONST=00h-0FFhx32 \
  -AENTRY=00h-0FFhx32 -ACOMMON=070h-07Fh -ABANK0=020h-06Fh \
  -ABANK1=0A0h-0EFh -ABANK2=0110h-016Fh -ABANK3=0190h-01EFh \
  -ARAM=020h-06Fh,0A0h-0EFh,0110h-016Fh,0190h-01EFh \
  -AABS1=020h-07Fh,0A0h-0EFh,0110h-016Fh,0190h-01EFh -ASFR0=00h-01Fh \
  -ASFR1=080h-09Fh -ASFR2=0100h-010Fh -ASFR3=0180h-018Fh \
  -ACONFIG=02007h-02008h -DCONFIG=2 -AIDLOC=02000h-02003h -DIDLOC=2 \
  -AEEDATA=00h-0FFh/02100h -peeprom_data=EEDATA -DEEDATA=2 -DCODE=2 \
  -DSTRCODE=2 -DSTRING=2 -DCONST=2 -DENTRY=2 \
  -preset_vec=00h,intentry,init,end_init -ppowerup=CODE -pcinit=CODE \
  -pfunctab=ENTRY -k C:\Users\jpu20\AppData\Local\Temp\sj1c.o \
  dist/default/production\main_03.X.production.o 

Object code version is 3.11

Machine type is 16F887



                Name                               Link     Load   Length Selector   Space Scale
C:\Users\jpu20\AppData\Local\Temp\sj1c.o
                end_init                              0        0        3        0       0
                config                             2007     2007        2        0       4
dist/default/production\main_03.X.production.o
                cinit                               7EB      7EB       15      FD6       0
                functab                               3        3        9        6       0
                config                             2007     2007        2        0       4
                text21                              266      266       25      4CC       0
                text20                              1C7      1C7       12      38E       0
                text19                              504      504       7B      A08       0
                text18                              49D      49D       67      93A       0
                text17                              3DE      3DE       59      7BC       0
                text16                              437      437       66      86E       0
                text15                              2EE      2EE       44      5DC       0
                text14                              2B4      2B4       3A      568       0
                text13                              1B5      1B5        9      36A       0
                text12                              57F      57F      134      AFE       0
                text11                              1EF      1EF       1B      3DE       0
                text10                              332      332       56      664       0
                text9                               388      388       56      710       0
                text8                               20A      20A       1C      414       0
                text7                               1D9      1D9       16      3B2       0
                text6                               226      226       1F      44C       0
                text5                               1A6      1A6        7      34C       0
                text4                               1BE      1BE        9      37C       0
                text3                               1A0      1A0        6      340       0
                text2                               245      245       21      48A       0
                text1                               28B      28B       29      516       0
                maintext                            6B3      6B3      138      D66       0
                cstackBANK0                          51       51       19       20       1
                cstackCOMMON                         70       70        E       70       1
                clrtext                             1AD      1AD        8      35A       0
                bssBANK1                             A0       A0       14       A0       1
                bssBANK0                             20       20       31       20       1
                strings                               C        C       30       18       0

TOTAL           Name                               Link     Load   Length     Space
        CLASS   STACK          

        CLASS   CODE           
                end_init                              0        0        3         0
                cinit                               7EB      7EB       15         0
                text21                              266      266       25         0
                text20                              1C7      1C7       12         0
                text19                              504      504       7B         0
                text18                              49D      49D       67         0
                text17                              3DE      3DE       59         0
                text16                              437      437       66         0
                text15                              2EE      2EE       44         0
                text14                              2B4      2B4       3A         0
                text13                              1B5      1B5        9         0
                text12                              57F      57F      134         0
                text11                              1EF      1EF       1B         0
                text10                              332      332       56         0
                text9                               388      388       56         0
                text8                               20A      20A       1C         0
                text7                               1D9      1D9       16         0
                text6                               226      226       1F         0
                text5                               1A6      1A6        7         0
                text4                               1BE      1BE        9         0
                text3                               1A0      1A0        6         0
                text2                               245      245       21         0
                text1                               28B      28B       29         0
                maintext                            6B3      6B3      138         0
                clrtext                             1AD      1AD        8         0

        CLASS   STRCODE        

        CLASS   STRING         
                strings                               C        C       30         0

        CLASS   CONST          

        CLASS   ENTRY          
                functab                               3        3        9         0

        CLASS   COMMON         
                cstackCOMMON                         70       70        E         1

        CLASS   BANK0          
                cstackBANK0                          51       51       19         1
                bssBANK0                             20       20       31         1

        CLASS   BANK1          
                bssBANK1                             A0       A0       14         1

        CLASS   BANK2          

        CLASS   BANK3          

        CLASS   RAM            

        CLASS   ABS1           
                abs_s1                               7E       7E        2         1

        CLASS   SFR0           

        CLASS   SFR1           

        CLASS   SFR2           

        CLASS   SFR3           

        CLASS   CONFIG         
                config                             2007     2007        2         4

        CLASS   IDLOC          

        CLASS   EEDATA         



SEGMENTS        Name                           Load    Length   Top    Selector   Space  Class     Delta

                reset_vec                      000000  000003  000003         0       0  CODE        2
                functab                        000003  000009  00000C         6       0  ENTRY       2
                strings                        00000C  000030  00003C        18       0  STRING      2
                bssBANK0                       000020  00004A  00006A        20       1  BANK0       1
                cstackCOMMON                   000070  00000E  00007E        70       1  COMMON      1
                bssBANK1                       0000A0  000014  0000B4        A0       1  BANK1       1
                text3                          0001A0  000006  0001A6       340       0  CODE        2
                text5                          0001A6  000007  0001AD       34C       0  CODE        2
                clrtext                        0001AD  000008  0001B5       35A       0  CODE        2
                text13                         0001B5  000009  0001BE       36A       0  CODE        2
                text4                          0001BE  000009  0001C7       37C       0  CODE        2
                text20                         0001C7  000012  0001D9       38E       0  CODE        2
                text7                          0001D9  000016  0001EF       3B2       0  CODE        2
                text11                         0001EF  00001B  00020A       3DE       0  CODE        2
                text8                          00020A  00001C  000226       414       0  CODE        2
                text6                          000226  00001F  000245       44C       0  CODE        2
                text2                          000245  000021  000266       48A       0  CODE        2
                text21                         000266  000025  00028B       4CC       0  CODE        2
                text1                          00028B  000029  0002B4       516       0  CODE        2
                text14                         0002B4  00003A  0002EE       568       0  CODE        2
                text15                         0002EE  000044  000332       5DC       0  CODE        2
                text10                         000332  000056  000388       664       0  CODE        2
                text9                          000388  000056  0003DE       710       0  CODE        2
                text17                         0003DE  000059  000437       7BC       0  CODE        2
                text16                         000437  000066  00049D       86E       0  CODE        2
                text18                         00049D  000067  000504       93A       0  CODE        2
                text19                         000504  00007B  00057F       A08       0  CODE        2
                text12                         00057F  000134  0006B3       AFE       0  CODE        2
                maintext                       0006B3  000138  0007EB       D66       0  CODE        2
                cinit                          0007EB  000015  000800       FD6       0  CODE        2


UNUSED ADDRESS RANGES

        Name                Unused          Largest block    Delta
        BANK0            006A-006F              6           1
        BANK1            00B4-00EF             3C           1
        BANK2            0110-016F             60           1
        BANK3            0190-01EF             60           1
        CODE             003C-019F            164           2
                         0800-1FFF            800
        CONST            003C-019F             C4           2
                         0800-1FFF            100
        EEDATA           2100-21FF            100           2
        ENTRY            003C-019F             C4           2
                         0800-1FFF            100
        IDLOC            2000-2003              4           2
        RAM              006A-006F              6           1
                         00B4-00EF             3C
                         0110-016F             60
                         0190-01EF             60
        SFR0             0000-001F             20           1
        SFR1             0080-009F             20           1
        SFR2             0100-010F             10           1
        SFR3             0180-018F             10           1
        STACK            0110-016F             60           1
        STRCODE          003C-019F            164           2
                         0800-1FFF           1800
        STRING           003C-019F             C4           2
                         0800-1FFF            100

                                  Symbol Table

?___awdiv                cstackCOMMON 0070
?___awmod                cstackCOMMON 0070
?___lwdiv                cstackCOMMON 0070
?___lwmod                cstackCOMMON 0078
?___wmul                 cstackCOMMON 0070
?__doprnt                cstackBANK0  0051
?_atoi                   cstackCOMMON 0076
?_printf                 cstackCOMMON 0070
?_sprintf                cstackBANK0  005C
_BAUDCTLbits             (abs)        0187
_INTCONbits              (abs)        000B
_OSCCONbits              (abs)        008F
_PIR1bits                (abs)        000C
_PORTA                   (abs)        0005
_PORTB                   (abs)        0006
_PORTC                   (abs)        0007
_PORTCbits               (abs)        0007
_PORTD                   (abs)        0008
_PORTE                   (abs)        0009
_RCIF                    (abs)        0065
_RCREG                   (abs)        001A
_RCSTAbits               (abs)        0018
_SPBRG                   (abs)        0099
_SPBRGH                  (abs)        009A
_SSPBUF                  (abs)        0013
_SSPCON                  (abs)        0014
_SSPSTAT                 (abs)        0094
_SSPSTATbits             (abs)        0094
_TRISB                   (abs)        0086
_TRISC3                  (abs)        043B
_TRISC5                  (abs)        043D
_TRISCbits               (abs)        0087
_TRISD                   (abs)        0088
_TXIF                    (abs)        0064
_TXREG                   (abs)        0019
_TXSTAbits               (abs)        0098
__Habs1                  abs1         0018
__Hbank0                 bank0        0018
__Hbank1                 bank1        0018
__Hbank2                 bank2        0018
__Hbank3                 bank3        0018
__HbssBANK0              bssBANK0     0018
__HbssBANK1              bssBANK1     0018
__Hcinit                 cinit        0800
__Hclrtext               clrtext      0018
__Hcode                  code         0018
__Hcommon                common       0018
__Hconfig                config       2009
__HcstackBANK0           cstackBANK0  0018
__HcstackCOMMON          cstackCOMMON 0018
__Heeprom_data           eeprom_data  0000
__Hend_init              end_init     0003
__Hfunctab               functab      000C
__Hinit                  init         0000
__Hintentry              intentry     0000
__Hmaintext              maintext     0018
__Hpowerup               powerup      0000
__Hram                   ram          0018
__Hreset_vec             reset_vec    0000
__Hsfr0                  sfr0         0018
__Hsfr1                  sfr1         0018
__Hsfr2                  sfr2         0018
__Hsfr3                  sfr3         0018
__Hspace_0               (abs)        0800
__Hspace_1               (abs)        00B4
__Hspace_2               (abs)        0000
__Hspace_3               (abs)        0000
__Hspace_4               (abs)        4010
__Hstack                 stack        0000
__Hstrings               strings      0018
__Htext                  text         0018
__Labs1                  abs1         0018
__Lbank0                 bank0        0018
__Lbank1                 bank1        0018
__Lbank2                 bank2        0018
__Lbank3                 bank3        0018
__LbssBANK0              bssBANK0     0018
__LbssBANK1              bssBANK1     0018
__Lcinit                 cinit        07EB
__Lclrtext               clrtext      0018
__Lcode                  code         0018
__Lcommon                common       0018
__Lconfig                config       0000
__LcstackBANK0           cstackBANK0  0018
__LcstackCOMMON          cstackCOMMON 0018
__Leeprom_data           eeprom_data  0000
__Lend_init              end_init     0000
__Lfunctab               functab      0003
__Linit                  init         0000
__Lintentry              intentry     0000
__Lmaintext              maintext     0018
__Lpowerup               powerup      0000
__Lram                   ram          0018
__Lreset_vec             reset_vec    0000
__Lsfr0                  sfr0         0018
__Lsfr1                  sfr1         0018
__Lsfr2                  sfr2         0018
__Lsfr3                  sfr3         0018
__Lspace_0               (abs)        0000
__Lspace_1               (abs)        0000
__Lspace_2               (abs)        0000
__Lspace_3               (abs)        0000
__Lspace_4               (abs)        0000
__Lstack                 stack        0000
__Lstrings               strings      0018
__Ltext                  text         0018
__S0                     (abs)        0800
__S1                     (abs)        00B4
__S2                     (abs)        0000
__S3                     (abs)        0000
___awdiv                 text18       049D
___awdiv@counter         cstackCOMMON 0075
___awdiv@dividend        cstackCOMMON 0072
___awdiv@divisor         cstackCOMMON 0070
___awdiv@quotient        cstackCOMMON 0077
___awdiv@sign            cstackCOMMON 0076
___awmod                 text17       03DE
___awmod@counter         cstackCOMMON 0075
___awmod@dividend        cstackCOMMON 0072
___awmod@divisor         cstackCOMMON 0070
___awmod@sign            cstackCOMMON 0076
___int_sp                stack        0000
___latbits               (abs)        0002
___lwdiv                 text15       02EE
___lwdiv@counter         cstackCOMMON 0077
___lwdiv@dividend        cstackCOMMON 0072
___lwdiv@divisor         cstackCOMMON 0070
___lwdiv@quotient        cstackCOMMON 0075
___lwmod                 text14       02B4
___lwmod@counter         cstackCOMMON 007D
___lwmod@dividend        cstackCOMMON 007A
___lwmod@divisor         cstackCOMMON 0078
___sp                    stack        0000
___stackhi               (abs)        0000
___stacklo               (abs)        0000
___wmul                  text21       0266
___wmul@multiplicand     cstackCOMMON 0072
___wmul@multiplier       cstackCOMMON 0070
___wmul@product          cstackCOMMON 0074
__doprnt                 text12       057F
__doprnt@ap              cstackBANK0  0052
__doprnt@c               cstackBANK0  005A
__doprnt@f               cstackBANK0  0051
__doprnt@flag            cstackBANK0  0056
__doprnt@pb              cstackBANK0  005B
__doprnt@prec            cstackBANK0  0057
__doprnt@val             cstackBANK0  0058
__end_of___awdiv         text18       0504
__end_of___awmod         text17       0437
__end_of___lwdiv         text15       0332
__end_of___lwmod         text14       02EE
__end_of___wmul          text21       028B
__end_of__doprnt         text12       06B3
__end_of__fptable        functab      000C
__end_of__initialization cinit        07FC
__end_of__stringtab      strings      0012
__end_of_atoi            text19       057F
__end_of_config_USART    text8        0226
__end_of_division        text16       049D
__end_of_dpowers         strings      001C
__end_of_isdigit         text20       01D9
__end_of_main            maintext     07EB
__end_of_mensaje1        text10       0388
__end_of_mensaje2        text9        03DE
__end_of_printf          text11       020A
__end_of_putch           text13       01BE
__end_of_setup           text6        0245
__end_of_spiInit         text7        01EF
__end_of_spiRead         text4        01C7
__end_of_spiReceiveWait  text5        01AD
__end_of_spiWrite        text3        01A6
__end_of_sprintf         text2        0266
__end_of_strcat          text1        02B4
__fptable                functab      0003
__initialization         cinit        07EB
__pbssBANK0              bssBANK0     0020
__pbssBANK1              bssBANK1     00A0
__pcstackBANK0           cstackBANK0  0051
__pcstackCOMMON          cstackCOMMON 0070
__pfunctab               functab      0003
__pmaintext              maintext     06B3
__pstrings               strings      000C
__ptext1                 text1        028B
__ptext10                text10       0332
__ptext11                text11       01EF
__ptext12                text12       057F
__ptext13                text13       01B5
__ptext14                text14       02B4
__ptext15                text15       02EE
__ptext16                text16       0437
__ptext17                text17       03DE
__ptext18                text18       049D
__ptext19                text19       0504
__ptext2                 text2        0245
__ptext20                text20       01C7
__ptext21                text21       0266
__ptext3                 text3        01A0
__ptext4                 text4        01BE
__ptext5                 text5        01A6
__ptext6                 text6        0226
__ptext7                 text7        01D9
__ptext8                 text8        020A
__ptext9                 text9        0388
__size_of___awdiv        (abs)        0000
__size_of___awmod        (abs)        0000
__size_of___lwdiv        (abs)        0000
__size_of___lwmod        (abs)        0000
__size_of___wmul         (abs)        0000
__size_of__doprnt        (abs)        0000
__size_of__fptable       (abs)        0000
__size_of_atoi           (abs)        0000
__size_of_config_USART   (abs)        0000
__size_of_division       (abs)        0000
__size_of_isdigit        (abs)        0000
__size_of_main           (abs)        0000
__size_of_mensaje1       (abs)        0000
__size_of_mensaje2       (abs)        0000
__size_of_printf         (abs)        0000
__size_of_putch          (abs)        0000
__size_of_setup          (abs)        0000
__size_of_spiInit        (abs)        0000
__size_of_spiRead        (abs)        0000
__size_of_spiReceiveWait (abs)        0000
__size_of_spiWrite       (abs)        0000
__size_of_sprintf        (abs)        0000
__size_of_strcat         (abs)        0000
__stringbase             strings      0011
__stringtab              strings      000C
_atoi                    text19       0504
_c1                      bssBANK0     0022
_centenas                bssBANK0     0026
_config_USART            text8        020A
_d1                      bssBANK0     0021
_decenas                 bssBANK0     0025
_division                text16       0437
_dpowers                 strings      0012
_isdigit                 text20       01C7
_isdigit$996             cstackCOMMON 0070
_main                    maintext     06B3
_mensaje1                text10       0332
_mensaje2                text9        0388
_printf                  text11       01EF
_putch                   text13       01B5
_residuo                 bssBANK0     0023
_s1                      bssBANK0     003D
_s2                      bssBANK0     0029
_s3                      bssBANK1     00A0
_setup                   text6        0226
_spiInit                 text7        01D9
_spiRead                 text4        01BE
_spiReceiveWait          text5        01A6
_spiWrite                text3        01A0
_sprintf                 text2        0245
_strcat                  text1        028B
_u1                      bssBANK0     0020
_unidades                bssBANK0     0024
_voltaje_a               bssBANK0     0028
_voltaje_b               bssBANK0     0027
atoi@a                   cstackCOMMON 007B
atoi@s                   cstackCOMMON 007D
atoi@sign                cstackCOMMON 007A
btemp                    (abs)        007E
clear_ram0               clrtext      01AD
division@dividendo       cstackCOMMON 007C
end_of_initialization    cinit        07FC
fpbase                   functab      0008
fptable                  functab      0003
fptotal                  (abs)        0002
intlevel0                functab      0003
intlevel1                functab      0003
intlevel2                functab      0003
intlevel3                functab      0003
intlevel4                functab      0003
intlevel5                functab      0003
isdigit@c                cstackCOMMON 0071
main@completo            cstackBANK0  0068
printf@ap                cstackBANK0  005E
printf@f                 cstackBANK0  005F
printf@pb                cstackBANK0  0060
putch@dato               cstackCOMMON 0070
reset_vec                reset_vec    0000
spiInit@sClockIdle       cstackCOMMON 0071
spiInit@sDataSample      cstackCOMMON 0070
spiInit@sTransmitEdge    cstackCOMMON 0072
spiInit@sType            cstackCOMMON 0073
spiWrite@dat             cstackCOMMON 0070
sprintf@ap               cstackBANK0  0061
sprintf@f                cstackBANK0  005C
sprintf@pb               cstackBANK0  0063
sprintf@wh               cstackBANK0  0062
start                    init         0000
start_initialization     cinit        07EB
strcat@cp                cstackCOMMON 0073
strcat@from              cstackCOMMON 0070
strcat@to                cstackCOMMON 0072
wtemp0                   (abs)        007E


FUNCTION INFORMATION:

 *************** function _main *****************
 Defined at:
		line 77 in file "master03.c"
 Parameters:    Size  Location     Type
		None
 Auto vars:     Size  Location     Type
  completo        2   23[BANK0 ] int 
 Return value:  Size  Location     Type
                  1    wreg      void 
 Registers used:
		wreg, fsr0l, fsr0h, status,2, status,0, btemp+1, pclath, cstack
 Tracked objects:
		On entry : 
		On exit  : 
		Unchanged: 
 Data sizes:     COMMON   BANK0   BANK1   BANK3   BANK2
      Params:         0       0       0       0       0
      Locals:         0       2       0       0       0
      Temps:          0       3       0       0       0
      Totals:         0       5       0       0       0
Total ram usage:        5 bytes
 Hardware stack levels required when called:    4
 This function calls:
		_atoi
		_division
		_mensaje1
		_mensaje2
		_setup
		_spiRead
		_spiWrite
		_sprintf
		_strcat
 This function is called by:
		Startup code after reset
 This function uses a non-reentrant model


 *************** function _strcat *****************
 Defined at:
		line 8 in file "C:\Program Files\Microchip\xc8\v2.31\pic\sources\c90\common\strcat.c"
 Parameters:    Size  Location     Type
  to              1    wreg     PTR unsigned char 
		 -> s1(20), 
  from            1    0[COMMON] PTR const unsigned char 
		 -> s3(20), s2(20), 
 Auto vars:     Size  Location     Type
  to              1    2[COMMON] PTR unsigned char 
		 -> s1(20), 
  cp              1    3[COMMON] PTR unsigned char 
		 -> s1(20), 
 Return value:  Size  Location     Type
                  1    wreg      PTR unsigned char 
 Registers used:
		wreg, fsr0l, fsr0h, status,2, status,0
 Tracked objects:
		On entry : 
		On exit  : 
		Unchanged: 
 Data sizes:     COMMON   BANK0   BANK1   BANK3   BANK2
      Params:         1       0       0       0       0
      Locals:         2       0       0       0       0
      Temps:          1       0       0       0       0
      Totals:         4       0       0       0       0
Total ram usage:        4 bytes
 Hardware stack levels used:    1
 This function calls:
		Nothing
 This function is called by:
		_main
 This function uses a non-reentrant model


 *************** function _sprintf *****************
 Defined at:
		line 13 in file "C:\Program Files\Microchip\xc8\v2.31\pic\sources\c90\common\sprintf.c"
 Parameters:    Size  Location     Type
  wh              1    wreg     PTR unsigned char 
		 -> s3(20), s2(20), s1(20), 
  f               1   11[BANK0 ] PTR const unsigned char 
		 -> STR_3(3), STR_2(3), STR_1(3), 
 Auto vars:     Size  Location     Type
  wh              1   17[BANK0 ] PTR unsigned char 
		 -> s3(20), s2(20), s1(20), 
  pb              2   18[BANK0 ] struct __prbuf
  ap              1   16[BANK0 ] PTR void [1]
		 -> ?_sprintf(2), ?_printf(2), 
 Return value:  Size  Location     Type
                  2   11[BANK0 ] int 
 Registers used:
		wreg, fsr0l, fsr0h, status,2, status,0, btemp+1, pclath, cstack
 Tracked objects:
		On entry : 
		On exit  : 
		Unchanged: 
 Data sizes:     COMMON   BANK0   BANK1   BANK3   BANK2
      Params:         0       3       0       0       0
      Locals:         0       4       0       0       0
      Temps:          0       2       0       0       0
      Totals:         0       9       0       0       0
Total ram usage:        9 bytes
 Hardware stack levels used:    1
 Hardware stack levels required when called:    2
 This function calls:
		__doprnt
 This function is called by:
		_main
 This function uses a non-reentrant model


 *************** function _spiWrite *****************
 Defined at:
		line 34 in file "SPI.c"
 Parameters:    Size  Location     Type
  dat             1    wreg     unsigned char 
 Auto vars:     Size  Location     Type
  dat             1    0[COMMON] unsigned char 
 Return value:  Size  Location     Type
                  1    wreg      void 
 Registers used:
		wreg
 Tracked objects:
		On entry : 
		On exit  : 
		Unchanged: 
 Data sizes:     COMMON   BANK0   BANK1   BANK3   BANK2
      Params:         0       0       0       0       0
      Locals:         1       0       0       0       0
      Temps:          0       0       0       0       0
      Totals:         1       0       0       0       0
Total ram usage:        1 bytes
 Hardware stack levels used:    1
 This function calls:
		Nothing
 This function is called by:
		_main
 This function uses a non-reentrant model


 *************** function _spiRead *****************
 Defined at:
		line 47 in file "SPI.c"
 Parameters:    Size  Location     Type
		None
 Auto vars:     Size  Location     Type
		None
 Return value:  Size  Location     Type
                  1    wreg      unsigned char 
 Registers used:
		wreg, status,2, status,0, pclath, cstack
 Tracked objects:
		On entry : 
		On exit  : 
		Unchanged: 
 Data sizes:     COMMON   BANK0   BANK1   BANK3   BANK2
      Params:         0       0       0       0       0
      Locals:         0       0       0       0       0
      Temps:          0       0       0       0       0
      Totals:         0       0       0       0       0
Total ram usage:        0 bytes
 Hardware stack levels used:    1
 Hardware stack levels required when called:    1
 This function calls:
		_spiReceiveWait
 This function is called by:
		_main
 This function uses a non-reentrant model


 *************** function _spiReceiveWait *****************
 Defined at:
		line 29 in file "SPI.c"
 Parameters:    Size  Location     Type
		None
 Auto vars:     Size  Location     Type
		None
 Return value:  Size  Location     Type
                  1    wreg      void 
 Registers used:
		None
 Tracked objects:
		On entry : 
		On exit  : 
		Unchanged: 
 Data sizes:     COMMON   BANK0   BANK1   BANK3   BANK2
      Params:         0       0       0       0       0
      Locals:         0       0       0       0       0
      Temps:          0       0       0       0       0
      Totals:         0       0       0       0       0
Total ram usage:        0 bytes
 Hardware stack levels used:    1
 This function calls:
		Nothing
 This function is called by:
		_spiRead
 This function uses a non-reentrant model


 *************** function _setup *****************
 Defined at:
		line 185 in file "master03.c"
 Parameters:    Size  Location     Type
		None
 Auto vars:     Size  Location     Type
		None
 Return value:  Size  Location     Type
                  1    wreg      void 
 Registers used:
		wreg, status,2, status,0, pclath, cstack
 Tracked objects:
		On entry : 
		On exit  : 
		Unchanged: 
 Data sizes:     COMMON   BANK0   BANK1   BANK3   BANK2
      Params:         0       0       0       0       0
      Locals:         0       0       0       0       0
      Temps:          0       0       0       0       0
      Totals:         0       0       0       0       0
Total ram usage:        0 bytes
 Hardware stack levels used:    1
 Hardware stack levels required when called:    1
 This function calls:
		_config_USART
		_spiInit
 This function is called by:
		_main
 This function uses a non-reentrant model


 *************** function _spiInit *****************
 Defined at:
		line 12 in file "SPI.c"
 Parameters:    Size  Location     Type
  sType           1    wreg     enum E1264
  sDataSample     1    0[COMMON] enum E1272
  sClockIdle      1    1[COMMON] enum E1276
  sTransmitEdg    1    2[COMMON] enum E1280
 Auto vars:     Size  Location     Type
  sType           1    3[COMMON] enum E1264
 Return value:  Size  Location     Type
                  1    wreg      void 
 Registers used:
		wreg, status,2, status,0
 Tracked objects:
		On entry : 
		On exit  : 
		Unchanged: 
 Data sizes:     COMMON   BANK0   BANK1   BANK3   BANK2
      Params:         3       0       0       0       0
      Locals:         1       0       0       0       0
      Temps:          0       0       0       0       0
      Totals:         4       0       0       0       0
Total ram usage:        4 bytes
 Hardware stack levels used:    1
 This function calls:
		Nothing
 This function is called by:
		_setup
 This function uses a non-reentrant model


 *************** function _config_USART *****************
 Defined at:
		line 11 in file "config_USART.c"
 Parameters:    Size  Location     Type
		None
 Auto vars:     Size  Location     Type
		None
 Return value:  Size  Location     Type
                  1    wreg      void 
 Registers used:
		wreg, status,2
 Tracked objects:
		On entry : 
		On exit  : 
		Unchanged: 
 Data sizes:     COMMON   BANK0   BANK1   BANK3   BANK2
      Params:         0       0       0       0       0
      Locals:         0       0       0       0       0
      Temps:          0       0       0       0       0
      Totals:         0       0       0       0       0
Total ram usage:        0 bytes
 Hardware stack levels used:    1
 This function calls:
		Nothing
 This function is called by:
		_setup
 This function uses a non-reentrant model


 *************** function _mensaje2 *****************
 Defined at:
		line 165 in file "master03.c"
 Parameters:    Size  Location     Type
		None
 Auto vars:     Size  Location     Type
		None
 Return value:  Size  Location     Type
                  1    wreg      void 
 Registers used:
		wreg, fsr0l, fsr0h, status,2, status,0, btemp+1, pclath, cstack
 Tracked objects:
		On entry : 
		On exit  : 
		Unchanged: 
 Data sizes:     COMMON   BANK0   BANK1   BANK3   BANK2
      Params:         0       0       0       0       0
      Locals:         0       0       0       0       0
      Temps:          0       2       0       0       0
      Totals:         0       2       0       0       0
Total ram usage:        2 bytes
 Hardware stack levels used:    1
 Hardware stack levels required when called:    3
 This function calls:
		_printf
 This function is called by:
		_main
 This function uses a non-reentrant model


 *************** function _mensaje1 *****************
 Defined at:
		line 149 in file "master03.c"
 Parameters:    Size  Location     Type
		None
 Auto vars:     Size  Location     Type
		None
 Return value:  Size  Location     Type
                  1    wreg      void 
 Registers used:
		wreg, fsr0l, fsr0h, status,2, status,0, btemp+1, pclath, cstack
 Tracked objects:
		On entry : 
		On exit  : 
		Unchanged: 
 Data sizes:     COMMON   BANK0   BANK1   BANK3   BANK2
      Params:         0       0       0       0       0
      Locals:         0       0       0       0       0
      Temps:          0       2       0       0       0
      Totals:         0       2       0       0       0
Total ram usage:        2 bytes
 Hardware stack levels used:    1
 Hardware stack levels required when called:    3
 This function calls:
		_printf
 This function is called by:
		_main
 This function uses a non-reentrant model


 *************** function _printf *****************
 Defined at:
		line 13 in file "C:\Program Files\Microchip\xc8\v2.31\pic\sources\c90\common\printf.c"
 Parameters:    Size  Location     Type
  f               1    wreg     PTR const unsigned char 
		 -> STR_9(3), STR_8(2), STR_7(12), STR_6(3), 
		 -> STR_5(2), STR_4(12), 
 Auto vars:     Size  Location     Type
  f               1   14[BANK0 ] PTR const unsigned char 
		 -> STR_9(3), STR_8(2), STR_7(12), STR_6(3), 
		 -> STR_5(2), STR_4(12), 
  pb              2   15[BANK0 ] struct __prbuf
  ap              1   13[BANK0 ] PTR void [1]
		 -> ?_sprintf(2), ?_printf(2), 
 Return value:  Size  Location     Type
                  2   34[None  ] int 
 Registers used:
		wreg, fsr0l, fsr0h, status,2, status,0, btemp+1, pclath, cstack
 Tracked objects:
		On entry : 
		On exit  : 
		Unchanged: 
 Data sizes:     COMMON   BANK0   BANK1   BANK3   BANK2
      Params:         0       0       0       0       0
      Locals:         0       4       0       0       0
      Temps:          0       2       0       0       0
      Totals:         0       6       0       0       0
Total ram usage:        6 bytes
 Hardware stack levels used:    1
 Hardware stack levels required when called:    2
 This function calls:
		__doprnt
 This function is called by:
		_mensaje1
		_mensaje2
 This function uses a non-reentrant model


 *************** function __doprnt *****************
 Defined at:
		line 471 in file "C:\Program Files\Microchip\xc8\v2.31\pic\sources\c90\common\doprnt.c"
 Parameters:    Size  Location     Type
  pb              1    wreg     PTR struct __prbuf
		 -> sprintf@pb(2), printf@pb(2), 
  f               1    0[BANK0 ] PTR const unsigned char 
		 -> STR_9(3), STR_8(2), STR_7(12), STR_6(3), 
		 -> STR_5(2), STR_4(12), STR_3(3), STR_2(3), 
		 -> STR_1(3), 
  ap              1    1[BANK0 ] PTR PTR void 
		 -> sprintf@ap(1), printf@ap(1), 
 Auto vars:     Size  Location     Type
  pb              1   10[BANK0 ] PTR struct __prbuf
		 -> sprintf@pb(2), printf@pb(2), 
  tmpval          4    0        struct .
  val             2    7[BANK0 ] unsigned int 
  cp              2    0        PTR const unsigned char 
  len             2    0        unsigned int 
  c               1    9[BANK0 ] unsigned char 
  prec            1    6[BANK0 ] char 
  flag            1    5[BANK0 ] unsigned char 
 Return value:  Size  Location     Type
                  2    0[BANK0 ] int 
 Registers used:
		wreg, fsr0l, fsr0h, status,2, status,0, btemp+1, pclath, cstack
 Tracked objects:
		On entry : 
		On exit  : 
		Unchanged: 
 Data sizes:     COMMON   BANK0   BANK1   BANK3   BANK2
      Params:         0       2       0       0       0
      Locals:         0       6       0       0       0
      Temps:          0       3       0       0       0
      Totals:         0      11       0       0       0
Total ram usage:       11 bytes
 Hardware stack levels used:    1
 Hardware stack levels required when called:    1
 This function calls:
		Absolute function
		___lwdiv
		___lwmod
		_putch
 This function is called by:
		_printf
		_sprintf
 This function uses a non-reentrant model


 *************** function _putch *****************
 Defined at:
		line 130 in file "master03.c"
 Parameters:    Size  Location     Type
  dato            1    0[COMMON] unsigned char 
 Auto vars:     Size  Location     Type
		None
 Return value:  Size  Location     Type
                  1    wreg      void 
 Registers used:
		wreg
 Tracked objects:
		On entry : 
		On exit  : 
		Unchanged: 
 Data sizes:     COMMON   BANK0   BANK1   BANK3   BANK2
      Params:         1       0       0       0       0
      Locals:         0       0       0       0       0
      Temps:          0       0       0       0       0
      Totals:         1       0       0       0       0
Total ram usage:        1 bytes
 Hardware stack levels used:    1
 This function calls:
		Nothing
 This function is called by:
		_printf
		__doprnt
 This function uses a non-reentrant model


 *************** function ___lwmod *****************
 Defined at:
		line 5 in file "C:\Program Files\Microchip\xc8\v2.31\pic\sources\c90\common\lwmod.c"
 Parameters:    Size  Location     Type
  divisor         2    8[COMMON] unsigned int 
  dividend        2   10[COMMON] unsigned int 
 Auto vars:     Size  Location     Type
  counter         1   13[COMMON] unsigned char 
 Return value:  Size  Location     Type
                  2    8[COMMON] unsigned int 
 Registers used:
		wreg, status,2, status,0
 Tracked objects:
		On entry : 
		On exit  : 
		Unchanged: 
 Data sizes:     COMMON   BANK0   BANK1   BANK3   BANK2
      Params:         4       0       0       0       0
      Locals:         1       0       0       0       0
      Temps:          1       0       0       0       0
      Totals:         6       0       0       0       0
Total ram usage:        6 bytes
 Hardware stack levels used:    1
 This function calls:
		Nothing
 This function is called by:
		__doprnt
 This function uses a non-reentrant model


 *************** function ___lwdiv *****************
 Defined at:
		line 5 in file "C:\Program Files\Microchip\xc8\v2.31\pic\sources\c90\common\lwdiv.c"
 Parameters:    Size  Location     Type
  divisor         2    0[COMMON] unsigned int 
  dividend        2    2[COMMON] unsigned int 
 Auto vars:     Size  Location     Type
  quotient        2    5[COMMON] unsigned int 
  counter         1    7[COMMON] unsigned char 
 Return value:  Size  Location     Type
                  2    0[COMMON] unsigned int 
 Registers used:
		wreg, status,2, status,0
 Tracked objects:
		On entry : 
		On exit  : 
		Unchanged: 
 Data sizes:     COMMON   BANK0   BANK1   BANK3   BANK2
      Params:         4       0       0       0       0
      Locals:         3       0       0       0       0
      Temps:          1       0       0       0       0
      Totals:         8       0       0       0       0
Total ram usage:        8 bytes
 Hardware stack levels used:    1
 This function calls:
		Nothing
 This function is called by:
		__doprnt
 This function uses a non-reentrant model


 *************** function _division *****************
 Defined at:
		line 136 in file "master03.c"
 Parameters:    Size  Location     Type
  dividendo       1    wreg     unsigned char 
 Auto vars:     Size  Location     Type
  dividendo       1   12[COMMON] unsigned char 
 Return value:  Size  Location     Type
                  1    wreg      void 
 Registers used:
		wreg, status,2, status,0, pclath, cstack
 Tracked objects:
		On entry : 
		On exit  : 
		Unchanged: 
 Data sizes:     COMMON   BANK0   BANK1   BANK3   BANK2
      Params:         0       0       0       0       0
      Locals:         1       0       0       0       0
      Temps:          3       0       0       0       0
      Totals:         4       0       0       0       0
Total ram usage:        4 bytes
 Hardware stack levels used:    1
 Hardware stack levels required when called:    1
 This function calls:
		___awdiv
		___awmod
 This function is called by:
		_main
 This function uses a non-reentrant model


 *************** function ___awmod *****************
 Defined at:
		line 5 in file "C:\Program Files\Microchip\xc8\v2.31\pic\sources\c90\common\awmod.c"
 Parameters:    Size  Location     Type
  divisor         2    0[COMMON] int 
  dividend        2    2[COMMON] int 
 Auto vars:     Size  Location     Type
  sign            1    6[COMMON] unsigned char 
  counter         1    5[COMMON] unsigned char 
 Return value:  Size  Location     Type
                  2    0[COMMON] int 
 Registers used:
		wreg, status,2, status,0
 Tracked objects:
		On entry : 
		On exit  : 
		Unchanged: 
 Data sizes:     COMMON   BANK0   BANK1   BANK3   BANK2
      Params:         4       0       0       0       0
      Locals:         2       0       0       0       0
      Temps:          1       0       0       0       0
      Totals:         7       0       0       0       0
Total ram usage:        7 bytes
 Hardware stack levels used:    1
 This function calls:
		Nothing
 This function is called by:
		_division
 This function uses a non-reentrant model


 *************** function ___awdiv *****************
 Defined at:
		line 5 in file "C:\Program Files\Microchip\xc8\v2.31\pic\sources\c90\common\awdiv.c"
 Parameters:    Size  Location     Type
  divisor         2    0[COMMON] int 
  dividend        2    2[COMMON] int 
 Auto vars:     Size  Location     Type
  quotient        2    7[COMMON] int 
  sign            1    6[COMMON] unsigned char 
  counter         1    5[COMMON] unsigned char 
 Return value:  Size  Location     Type
                  2    0[COMMON] int 
 Registers used:
		wreg, status,2, status,0
 Tracked objects:
		On entry : 
		On exit  : 
		Unchanged: 
 Data sizes:     COMMON   BANK0   BANK1   BANK3   BANK2
      Params:         4       0       0       0       0
      Locals:         4       0       0       0       0
      Temps:          1       0       0       0       0
      Totals:         9       0       0       0       0
Total ram usage:        9 bytes
 Hardware stack levels used:    1
 This function calls:
		Nothing
 This function is called by:
		_division
 This function uses a non-reentrant model


 *************** function _atoi *****************
 Defined at:
		line 5 in file "C:\Program Files\Microchip\xc8\v2.31\pic\sources\c90\common\atoi.c"
 Parameters:    Size  Location     Type
  s               1    wreg     PTR const unsigned char 
		 -> s1(20), 
 Auto vars:     Size  Location     Type
  s               1   13[COMMON] PTR const unsigned char 
		 -> s1(20), 
  a               2   11[COMMON] int 
  sign            1   10[COMMON] unsigned char 
 Return value:  Size  Location     Type
                  2    6[COMMON] int 
 Registers used:
		wreg, fsr0l, fsr0h, status,2, status,0, pclath, cstack
 Tracked objects:
		On entry : 
		On exit  : 
		Unchanged: 
 Data sizes:     COMMON   BANK0   BANK1   BANK3   BANK2
      Params:         2       0       0       0       0
      Locals:         4       0       0       0       0
      Temps:          2       0       0       0       0
      Totals:         8       0       0       0       0
Total ram usage:        8 bytes
 Hardware stack levels used:    1
 Hardware stack levels required when called:    1
 This function calls:
		___wmul
		_isdigit
 This function is called by:
		_main
 This function uses a non-reentrant model


 *************** function _isdigit *****************
 Defined at:
		line 8 in file "C:\Program Files\Microchip\xc8\v2.31\pic\sources\c90\common\isdigit.c"
 Parameters:    Size  Location     Type
  c               1    wreg     unsigned char 
 Auto vars:     Size  Location     Type
  c               1    1[COMMON] unsigned char 
 Return value:  Size  Location     Type
		None               void
 Registers used:
		wreg, status,2, status,0
 Tracked objects:
		On entry : 
		On exit  : 
		Unchanged: 
 Data sizes:     COMMON   BANK0   BANK1   BANK3   BANK2
      Params:         0       0       0       0       0
      Locals:         2       0       0       0       0
      Temps:          0       0       0       0       0
      Totals:         2       0       0       0       0
Total ram usage:        2 bytes
 Hardware stack levels used:    1
 This function calls:
		Nothing
 This function is called by:
		_atoi
 This function uses a non-reentrant model


 *************** function ___wmul *****************
 Defined at:
		line 15 in file "C:\Program Files\Microchip\xc8\v2.31\pic\sources\c90\common\Umul16.c"
 Parameters:    Size  Location     Type
  multiplier      2    0[COMMON] unsigned int 
  multiplicand    2    2[COMMON] unsigned int 
 Auto vars:     Size  Location     Type
  product         2    4[COMMON] unsigned int 
 Return value:  Size  Location     Type
                  2    0[COMMON] unsigned int 
 Registers used:
		wreg, status,2, status,0
 Tracked objects:
		On entry : 
		On exit  : 
		Unchanged: 
 Data sizes:     COMMON   BANK0   BANK1   BANK3   BANK2
      Params:         4       0       0       0       0
      Locals:         2       0       0       0       0
      Temps:          0       0       0       0       0
      Totals:         6       0       0       0       0
Total ram usage:        6 bytes
 Hardware stack levels used:    1
 This function calls:
		Nothing
 This function is called by:
		_atoi
 This function uses a non-reentrant model



MODULE INFORMATION

Module		Function		Class		Link	Load	Size
C:\Program Files\Microchip\xc8\v2.31\pic\sources\c90\common\doprnt.c
		__doprnt       		CODE           	057F	0000	308

C:\Program Files\Microchip\xc8\v2.31\pic\sources\c90\common\doprnt.c estimated size: 308

config_USART.c
		_config_USART  		CODE           	020A	0000	28

config_USART.c estimated size: 28

C:\Program Files\Microchip\xc8\v2.31\pic\sources\c90\common\lwmod.c
		___lwmod       		CODE           	02B4	0000	58

C:\Program Files\Microchip\xc8\v2.31\pic\sources\c90\common\lwmod.c estimated size: 58

C:\Program Files\Microchip\xc8\v2.31\pic\sources\c90\common\awmod.c
		___awmod       		CODE           	03DE	0000	89

C:\Program Files\Microchip\xc8\v2.31\pic\sources\c90\common\awmod.c estimated size: 89

C:\Program Files\Microchip\xc8\v2.31\pic\sources\c90\common\Umul16.c
		___wmul        		CODE           	0266	0000	37

C:\Program Files\Microchip\xc8\v2.31\pic\sources\c90\common\Umul16.c estimated size: 37

C:\Program Files\Microchip\xc8\v2.31\pic\sources\c90\common\isdigit.c
		_isdigit       		CODE           	01C7	0000	18

C:\Program Files\Microchip\xc8\v2.31\pic\sources\c90\common\isdigit.c estimated size: 18

C:\Program Files\Microchip\xc8\v2.31\pic\sources\c90\common\atoi.c
		_atoi          		CODE           	0504	0000	123

C:\Program Files\Microchip\xc8\v2.31\pic\sources\c90\common\atoi.c estimated size: 123

C:\Program Files\Microchip\xc8\v2.31\pic\sources\c90\common\strcat.c
		_strcat        		CODE           	028B	0000	41

C:\Program Files\Microchip\xc8\v2.31\pic\sources\c90\common\strcat.c estimated size: 41

C:\Program Files\Microchip\xc8\v2.31\pic\sources\c90\common\sprintf.c
		_sprintf       		CODE           	0245	0000	33

C:\Program Files\Microchip\xc8\v2.31\pic\sources\c90\common\sprintf.c estimated size: 33

C:\Program Files\Microchip\xc8\v2.31\pic\sources\c90\common\lwdiv.c
		___lwdiv       		CODE           	02EE	0000	68

C:\Program Files\Microchip\xc8\v2.31\pic\sources\c90\common\lwdiv.c estimated size: 68

C:\Program Files\Microchip\xc8\v2.31\pic\sources\c90\common\awdiv.c
		___awdiv       		CODE           	049D	0000	103

C:\Program Files\Microchip\xc8\v2.31\pic\sources\c90\common\awdiv.c estimated size: 103

shared
		__stringtab    		STRING         	000C	0000	6
		_dpowers       		STRING         	0012	0000	10
		__initialization		CODE           	07EB	0000	17
		__fptable      		ENTRY          	0003	0000	9

shared estimated size: 42

C:\Program Files\Microchip\xc8\v2.31\pic\sources\c90\common\printf.c
		_printf        		CODE           	01EF	0000	27

C:\Program Files\Microchip\xc8\v2.31\pic\sources\c90\common\printf.c estimated size: 27

master03.c
		_putch         		CODE           	01B5	0000	9
		_main          		CODE           	06B3	0000	312
		_mensaje1      		CODE           	0332	0000	86
		_mensaje2      		CODE           	0388	0000	86
		_division      		CODE           	0437	0000	102
		_setup         		CODE           	0226	0000	31

master03.c estimated size: 626

SPI.c
		_spiWrite      		CODE           	01A0	0000	6
		_spiInit       		CODE           	01D9	0000	22
		_spiReceiveWait		CODE           	01A6	0000	7
		_spiRead       		CODE           	01BE	0000	9

SPI.c estimated size: 44

