Microchip MPLAB XC8 Compiler V2.31

Linker command line:

-W-3 --edf=C:\Program Files\Microchip\xc8\v2.31\pic\dat\en_msgs.txt -cn \
  -h+dist/default/production\Lab_02.X.production.sym \
  --cmf=dist/default/production\Lab_02.X.production.cmf -z -Q16F887 \
  -oC:\Users\jpu20\AppData\Local\Temp\sjbo.2 --defsym=__MPLAB_BUILD=1 \
  -Mdist/default/production/Lab_02.X.production.map -E1 -ver=XC8 Compiler \
  --acfsm=1493 -ASTACK=0110h-016Fh -pstack=STACK -ACODE=00h-07FFhx4 \
  -ASTRCODE=00h-01FFFh -ASTRING=00h-0FFhx32 -ACONST=00h-0FFhx32 \
  -AENTRY=00h-0FFhx32 -ACOMMON=070h-07Fh -ABANK0=020h-06Fh \
  -ABANK1=0A0h-0EFh -ABANK2=0110h-016Fh -ABANK3=0190h-01EFh \
  -ARAM=020h-06Fh,0A0h-0EFh,0110h-016Fh,0190h-01EFh \
  -AABS1=020h-07Fh,0A0h-0EFh,0110h-016Fh,0190h-01EFh -ASFR0=00h-01Fh \
  -ASFR1=080h-09Fh -ASFR2=0100h-010Fh -ASFR3=0180h-018Fh \
  -ACONFIG=02007h-02008h -DCONFIG=2 -AIDLOC=02000h-02003h -DIDLOC=2 \
  -AEEDATA=00h-0FFh/02100h -peeprom_data=EEDATA -DEEDATA=2 -DCODE=2 \
  -DSTRCODE=2 -DSTRING=2 -DCONST=2 -DENTRY=2 \
  -preset_vec=00h,intentry=04h,init,end_init -ppowerup=CODE -pcinit=CODE \
  -pfunctab=ENTRY -k C:\Users\jpu20\AppData\Local\Temp\sjbo.o \
  dist/default/production\Lab_02.X.production.o 

Object code version is 3.11

Machine type is 16F887



                Name                               Link     Load   Length Selector   Space Scale
C:\Users\jpu20\AppData\Local\Temp\sjbo.o
                end_init                              C        C        3        8       0
                reset_vec                             0        0        3        0       0
                config                             2007     2007        2        0       4
dist/default/production\Lab_02.X.production.o
                cinit                                 F        F        D        8       0
                intentry                              4        4        8        8       0
                config                             2007     2007        2        0       4
                text11                              174      174       2E        8       0
                text10                              26C      26C        6      452       0
                text9                               245      245       1A      452       0
                text8                               25F      25F        D      452       0
                text7                                D9       D9       4E        8       0
                text6                                81       81       58        8       0
                text5                               1F0      1F0       1D        8       0
                text4                               1A2      1A2       29        8       0
                text3                                1C       1C       65        8       0
                text2                               229      229       1C      452       0
                text1                               1CB      1CB       25        8       0
                maintext                            127      127       4D        8       0
                cstackBANK0                          20       20        9       20       1
                cstackCOMMON                         70       70        8       70       1
                bssBANK0                             29       29        4       20       1
                bssCOMMON                            78       78        3       70       1
                strings                             20D      20D       1C      41A       0

TOTAL           Name                               Link     Load   Length     Space
        CLASS   STACK          

        CLASS   CODE           
                end_init                              C        C        3         0
                cinit                                 F        F        D         0
                intentry                              4        4        8         0
                reset_vec                             0        0        3         0
                text11                              174      174       2E         0
                text10                              26C      26C        6         0
                text9                               245      245       1A         0
                text8                               25F      25F        D         0
                text7                                D9       D9       4E         0
                text6                                81       81       58         0
                text5                               1F0      1F0       1D         0
                text4                               1A2      1A2       29         0
                text3                                1C       1C       65         0
                text2                               229      229       1C         0
                text1                               1CB      1CB       25         0
                maintext                            127      127       4D         0

        CLASS   STRCODE        

        CLASS   STRING         
                strings                             20D      20D       1C         0

        CLASS   CONST          

        CLASS   ENTRY          

        CLASS   COMMON         
                cstackCOMMON                         70       70        8         1
                bssCOMMON                            78       78        3         1

        CLASS   BANK0          
                cstackBANK0                          20       20        9         1
                bssBANK0                             29       29        4         1

        CLASS   BANK1          

        CLASS   BANK2          

        CLASS   BANK3          

        CLASS   RAM            

        CLASS   ABS1           
                abs_s1                               7E       7E        2         1

        CLASS   SFR0           

        CLASS   SFR1           

        CLASS   SFR2           

        CLASS   SFR3           

        CLASS   CONFIG         
                config                             2007     2007        2         4

        CLASS   IDLOC          

        CLASS   EEDATA         



SEGMENTS        Name                           Load    Length   Top    Selector   Space  Class     Delta

                reset_vec                      000000  000003  000003         0       0  CODE        2
                intentry                       000004  000209  00020D         8       0  CODE        2
                cstackBANK0                    000020  00000D  00002D        20       1  BANK0       1
                cstackCOMMON                   000070  00000B  00007B        70       1  COMMON      1
                strings                        00020D  00001C  000229       41A       0  STRING      2
                text2                          000229  000049  000272       452       0  CODE        2


UNUSED ADDRESS RANGES

        Name                Unused          Largest block    Delta
        BANK0            002D-006F             43           1
        BANK1            00A0-00EF             50           1
        BANK2            0110-016F             60           1
        BANK3            0190-01EF             60           1
        CODE             0003-0003              1           2
                         0272-1FFF            800
        COMMON           007B-007D              3           1
        CONST            0003-0003              1           2
                         0272-1FFF            100
        EEDATA           2100-21FF            100           2
        ENTRY            0003-0003              1           2
                         0272-1FFF            100
        IDLOC            2000-2003              4           2
        RAM              002D-006F             43           1
                         00A0-00EF             50
                         0110-016F             60
                         0190-01EF             60
        SFR0             0000-001F             20           1
        SFR1             0080-009F             20           1
        SFR2             0100-010F             10           1
        SFR3             0180-018F             10           1
        STACK            0110-016F             60           1
        STRCODE          0003-0003              1           2
                         0272-1FFF           1D8E
        STRING           0003-0003              1           2
                         0272-1FFF            100

                                  Symbol Table

Lcd_Cmd@a                  cstackCOMMON 0076
Lcd_Port@a                 cstackCOMMON 0073
Lcd_Set_Cursor@a           cstackBANK0  0022
Lcd_Set_Cursor@b           cstackCOMMON 0077
Lcd_Set_Cursor@temp        cstackBANK0  0025
Lcd_Set_Cursor@y           cstackBANK0  0024
Lcd_Set_Cursor@z           cstackBANK0  0023
Lcd_Write_Char@a           cstackCOMMON 0075
Lcd_Write_Char@temp        cstackCOMMON 0076
Lcd_Write_Char@y           cstackCOMMON 0077
Lcd_Write_String@a         cstackBANK0  0022
Lcd_Write_String@i         cstackBANK0  0020
_ADCON0bits                (abs)        001F
_ADCON1bits                (abs)        009F
_ADIF                      (abs)        0066
_ADRESH                    (abs)        001E
_ANSEL                     (abs)        0188
_BAUDCTLbits               (abs)        0187
_INTCONbits                (abs)        000B
_Lcd_Clear                 text8        025F
_Lcd_Cmd                   text9        0245
_Lcd_Init                  text7        00D9
_Lcd_Port                  text10       026C
_Lcd_Set_Cursor            text6        0081
_Lcd_Write_Char            text5        01F0
_Lcd_Write_String          text4        01A2
_OSCCONbits                (abs)        008F
_PIE1bits                  (abs)        008C
_PIR1bits                  (abs)        000C
_PORTA                     (abs)        0005
_PORTB                     (abs)        0006
_PORTC                     (abs)        0007
_PORTD                     (abs)        0008
_PORTE                     (abs)        0009
_PORTEbits                 (abs)        0009
_RCSTAbits                 (abs)        0018
_SPBRG                     (abs)        0099
_SPBRGH                    (abs)        009A
_TRISAbits                 (abs)        0085
_TRISD                     (abs)        0088
_TRISE                     (abs)        0089
_TXSTAbits                 (abs)        0098
__Habs1                    abs1         0000
__Hbank0                   bank0        0000
__Hbank1                   bank1        0000
__Hbank2                   bank2        0000
__Hbank3                   bank3        0000
__HbssBANK0                bssBANK0     0000
__HbssCOMMON               bssCOMMON    0000
__Hcinit                   cinit        001C
__Hclrtext                 clrtext      0000
__Hcode                    code         0000
__Hcommon                  common       0000
__Hconfig                  config       2009
__HcstackBANK0             cstackBANK0  0000
__HcstackCOMMON            cstackCOMMON 0000
__Heeprom_data             eeprom_data  0000
__Hend_init                end_init     000F
__Hfunctab                 functab      0000
__Hinit                    init         000C
__Hintentry                intentry     000C
__Hmaintext                maintext     0000
__Hpowerup                 powerup      0000
__Hram                     ram          0000
__Hreset_vec               reset_vec    0003
__Hsfr0                    sfr0         0000
__Hsfr1                    sfr1         0000
__Hsfr2                    sfr2         0000
__Hsfr3                    sfr3         0000
__Hspace_0                 (abs)        0272
__Hspace_1                 (abs)        007B
__Hspace_2                 (abs)        0000
__Hspace_3                 (abs)        0000
__Hspace_4                 (abs)        4010
__Hstack                   stack        0000
__Hstrings                 strings      0000
__Htext                    text         0000
__Labs1                    abs1         0000
__Lbank0                   bank0        0000
__Lbank1                   bank1        0000
__Lbank2                   bank2        0000
__Lbank3                   bank3        0000
__LbssBANK0                bssBANK0     0000
__LbssCOMMON               bssCOMMON    0000
__Lcinit                   cinit        000F
__Lclrtext                 clrtext      0000
__Lcode                    code         0000
__Lcommon                  common       0000
__Lconfig                  config       0000
__LcstackBANK0             cstackBANK0  0000
__LcstackCOMMON            cstackCOMMON 0000
__Leeprom_data             eeprom_data  0000
__Lend_init                end_init     000C
__Lfunctab                 functab      0000
__Linit                    init         000C
__Lintentry                intentry     0004
__Lmaintext                maintext     0000
__Lpowerup                 powerup      0000
__Lram                     ram          0000
__Lreset_vec               reset_vec    0000
__Lsfr0                    sfr0         0000
__Lsfr1                    sfr1         0000
__Lsfr2                    sfr2         0000
__Lsfr3                    sfr3         0000
__Lspace_0                 (abs)        0000
__Lspace_1                 (abs)        0000
__Lspace_2                 (abs)        0000
__Lspace_3                 (abs)        0000
__Lspace_4                 (abs)        0000
__Lstack                   stack        0000
__Lstrings                 strings      0000
__Ltext                    text         0000
__S0                       (abs)        0272
__S1                       (abs)        007B
__S2                       (abs)        0000
__S3                       (abs)        0000
___int_sp                  stack        0000
___latbits                 (abs)        0002
___sp                      stack        0000
___stackhi                 (abs)        0000
___stacklo                 (abs)        0000
__end_of_Lcd_Clear         text8        026C
__end_of_Lcd_Cmd           text9        025F
__end_of_Lcd_Init          text7        0127
__end_of_Lcd_Port          text10       0272
__end_of_Lcd_Set_Cursor    text6        00D9
__end_of_Lcd_Write_Char    text5        020D
__end_of_Lcd_Write_String  text4        01CB
__end_of__initialization   cinit        0018
__end_of__stringtab        strings      0213
__end_of_config_ADC        text3        0081
__end_of_config_USART      text2        0245
__end_of_isr               text11       01A2
__end_of_main              maintext     0174
__end_of_setup             text1        01F0
__initialization           cinit        000F
__pbssBANK0                bssBANK0     0029
__pbssCOMMON               bssCOMMON    0078
__pcstackBANK0             cstackBANK0  0020
__pcstackCOMMON            cstackCOMMON 0070
__pintentry                intentry     0004
__pmaintext                maintext     0127
__pstrings                 strings      020D
__ptext1                   text1        01CB
__ptext10                  text10       026C
__ptext11                  text11       0174
__ptext2                   text2        0229
__ptext3                   text3        001C
__ptext4                   text4        01A2
__ptext5                   text5        01F0
__ptext6                   text6        0081
__ptext7                   text7        00D9
__ptext8                   text8        025F
__ptext9                   text9        0245
__size_of_Lcd_Clear        (abs)        0000
__size_of_Lcd_Cmd          (abs)        0000
__size_of_Lcd_Init         (abs)        0000
__size_of_Lcd_Port         (abs)        0000
__size_of_Lcd_Set_Cursor   (abs)        0000
__size_of_Lcd_Write_Char   (abs)        0000
__size_of_Lcd_Write_String (abs)        0000
__size_of_config_ADC       (abs)        0000
__size_of_config_USART     (abs)        0000
__size_of_isr              (abs)        0000
__size_of_main             (abs)        0000
__size_of_setup            (abs)        0000
__stringbase               strings      0212
__stringtab                strings      020D
_centenas                  bssBANK0     002B
_config_ADC                text3        001C
_config_USART              text2        0229
_decenas                   bssBANK0     002A
_isr                       text11       0174
_main                      maintext     0127
_residuo                   bssCOMMON    0078
_setup                     text1        01CB
_unidades                  bssBANK0     0029
_voltaje1                  bssCOMMON    007A
_voltaje2                  bssCOMMON    0079
btemp                      (abs)        007E
config_ADC@frec            cstackCOMMON 0075
end_of_initialization      cinit        0018
interrupt_function         intentry     0004
intlevel0                  functab      0000
intlevel1                  functab      0000
intlevel2                  functab      0000
intlevel3                  functab      0000
intlevel4                  functab      0000
intlevel5                  functab      0000
reset_vec                  reset_vec    0000
saved_w                    (abs)        007E
start                      init         000C
start_initialization       cinit        000F
wtemp0                     (abs)        007E


FUNCTION INFORMATION:

 *************** function _main *****************
 Defined at:
		line 97 in file "main_02.c"
 Parameters:    Size  Location     Type
		None
 Auto vars:     Size  Location     Type
  a               1    0        unsigned char 
 Return value:  Size  Location     Type
                  1    wreg      void 
 Registers used:
		wreg, fsr0l, fsr0h, status,2, status,0, pclath, cstack
 Tracked objects:
		On entry : 
		On exit  : 
		Unchanged: 
 Data sizes:     COMMON   BANK0   BANK1   BANK3   BANK2
      Params:         0       0       0       0       0
      Locals:         0       0       0       0       0
      Temps:          0       3       0       0       0
      Totals:         0       3       0       0       0
Total ram usage:        3 bytes
 Hardware stack levels required when called:    4
 This function calls:
		_Lcd_Clear
		_Lcd_Init
		_Lcd_Set_Cursor
		_Lcd_Write_String
		_setup
 This function is called by:
		Startup code after reset
 This function uses a non-reentrant model


 *************** function _setup *****************
 Defined at:
		line 133 in file "main_02.c"
 Parameters:    Size  Location     Type
		None
 Auto vars:     Size  Location     Type
		None
 Return value:  Size  Location     Type
                  1    wreg      void 
 Registers used:
		wreg, fsr0l, fsr0h, status,2, status,0, pclath, cstack
 Tracked objects:
		On entry : 
		On exit  : 
		Unchanged: 
 Data sizes:     COMMON   BANK0   BANK1   BANK3   BANK2
      Params:         0       0       0       0       0
      Locals:         0       0       0       0       0
      Temps:          0       0       0       0       0
      Totals:         0       0       0       0       0
Total ram usage:        0 bytes
 Hardware stack levels used:    1
 Hardware stack levels required when called:    2
 This function calls:
		_config_ADC
		_config_USART
 This function is called by:
		_main
 This function uses a non-reentrant model


 *************** function _config_USART *****************
 Defined at:
		line 11 in file "config_USART.c"
 Parameters:    Size  Location     Type
		None
 Auto vars:     Size  Location     Type
		None
 Return value:  Size  Location     Type
                  1    wreg      void 
 Registers used:
		wreg, status,2
 Tracked objects:
		On entry : 
		On exit  : 
		Unchanged: 
 Data sizes:     COMMON   BANK0   BANK1   BANK3   BANK2
      Params:         0       0       0       0       0
      Locals:         0       0       0       0       0
      Temps:          0       0       0       0       0
      Totals:         0       0       0       0       0
Total ram usage:        0 bytes
 Hardware stack levels used:    1
 Hardware stack levels required when called:    1
 This function calls:
		Nothing
 This function is called by:
		_setup
 This function uses a non-reentrant model


 *************** function _config_ADC *****************
 Defined at:
		line 15 in file "config_ADC.c"
 Parameters:    Size  Location     Type
  frec            1    wreg     unsigned char 
 Auto vars:     Size  Location     Type
  frec            1    5[COMMON] unsigned char 
 Return value:  Size  Location     Type
                  1    wreg      void 
 Registers used:
		wreg, fsr0l, fsr0h, status,2, status,0
 Tracked objects:
		On entry : 
		On exit  : 
		Unchanged: 
 Data sizes:     COMMON   BANK0   BANK1   BANK3   BANK2
      Params:         0       0       0       0       0
      Locals:         1       0       0       0       0
      Temps:          2       0       0       0       0
      Totals:         3       0       0       0       0
Total ram usage:        3 bytes
 Hardware stack levels used:    1
 Hardware stack levels required when called:    1
 This function calls:
		Nothing
 This function is called by:
		_setup
 This function uses a non-reentrant model


 *************** function _Lcd_Write_String *****************
 Defined at:
		line 119 in file "LCD_8b.c"
 Parameters:    Size  Location     Type
  a               1    wreg     PTR unsigned char 
		 -> STR_2(5), STR_1(17), 
 Auto vars:     Size  Location     Type
  a               1    2[BANK0 ] PTR unsigned char 
		 -> STR_2(5), STR_1(17), 
  i               2    0[BANK0 ] int 
 Return value:  Size  Location     Type
                  1    wreg      void 
 Registers used:
		wreg, fsr0l, fsr0h, status,2, status,0, pclath, cstack
 Tracked objects:
		On entry : 
		On exit  : 
		Unchanged: 
 Data sizes:     COMMON   BANK0   BANK1   BANK3   BANK2
      Params:         0       0       0       0       0
      Locals:         0       3       0       0       0
      Temps:          0       0       0       0       0
      Totals:         0       3       0       0       0
Total ram usage:        3 bytes
 Hardware stack levels used:    1
 Hardware stack levels required when called:    3
 This function calls:
		_Lcd_Write_Char
 This function is called by:
		_main
 This function uses a non-reentrant model


 *************** function _Lcd_Write_Char *****************
 Defined at:
		line 104 in file "LCD_8b.c"
 Parameters:    Size  Location     Type
  a               1    wreg     unsigned char 
 Auto vars:     Size  Location     Type
  a               1    5[COMMON] unsigned char 
  y               1    7[COMMON] unsigned char 
  temp            1    6[COMMON] unsigned char 
 Return value:  Size  Location     Type
                  1    wreg      void 
 Registers used:
		wreg, status,2, status,0, pclath, cstack
 Tracked objects:
		On entry : 
		On exit  : 
		Unchanged: 
 Data sizes:     COMMON   BANK0   BANK1   BANK3   BANK2
      Params:         0       0       0       0       0
      Locals:         3       0       0       0       0
      Temps:          1       0       0       0       0
      Totals:         4       0       0       0       0
Total ram usage:        4 bytes
 Hardware stack levels used:    1
 Hardware stack levels required when called:    2
 This function calls:
		_Lcd_Port
 This function is called by:
		_Lcd_Write_String
 This function uses a non-reentrant model


 *************** function _Lcd_Set_Cursor *****************
 Defined at:
		line 68 in file "LCD_8b.c"
 Parameters:    Size  Location     Type
  a               1    wreg     unsigned char 
  b               1    7[COMMON] unsigned char 
 Auto vars:     Size  Location     Type
  a               1    2[BANK0 ] unsigned char 
  temp            1    5[BANK0 ] unsigned char 
  y               1    4[BANK0 ] unsigned char 
  z               1    3[BANK0 ] unsigned char 
 Return value:  Size  Location     Type
                  1    wreg      void 
 Registers used:
		wreg, status,2, status,0, pclath, cstack
 Tracked objects:
		On entry : 
		On exit  : 
		Unchanged: 
 Data sizes:     COMMON   BANK0   BANK1   BANK3   BANK2
      Params:         1       0       0       0       0
      Locals:         0       4       0       0       0
      Temps:          0       2       0       0       0
      Totals:         1       6       0       0       0
Total ram usage:        7 bytes
 Hardware stack levels used:    1
 Hardware stack levels required when called:    3
 This function calls:
		_Lcd_Cmd
 This function is called by:
		_main
 This function uses a non-reentrant model


 *************** function _Lcd_Init *****************
 Defined at:
		line 86 in file "LCD_8b.c"
 Parameters:    Size  Location     Type
		None
 Auto vars:     Size  Location     Type
		None
 Return value:  Size  Location     Type
                  1    wreg      void 
 Registers used:
		wreg, status,2, status,0, pclath, cstack
 Tracked objects:
		On entry : 
		On exit  : 
		Unchanged: 
 Data sizes:     COMMON   BANK0   BANK1   BANK3   BANK2
      Params:         0       0       0       0       0
      Locals:         0       0       0       0       0
      Temps:          0       2       0       0       0
      Totals:         0       2       0       0       0
Total ram usage:        2 bytes
 Hardware stack levels used:    1
 Hardware stack levels required when called:    3
 This function calls:
		_Lcd_Cmd
		_Lcd_Port
 This function is called by:
		_main
 This function uses a non-reentrant model


 *************** function _Lcd_Clear *****************
 Defined at:
		line 63 in file "LCD_8b.c"
 Parameters:    Size  Location     Type
		None
 Auto vars:     Size  Location     Type
		None
 Return value:  Size  Location     Type
                  1    wreg      void 
 Registers used:
		wreg, status,2, status,0, pclath, cstack
 Tracked objects:
		On entry : 
		On exit  : 
		Unchanged: 
 Data sizes:     COMMON   BANK0   BANK1   BANK3   BANK2
      Params:         0       0       0       0       0
      Locals:         0       0       0       0       0
      Temps:          0       0       0       0       0
      Totals:         0       0       0       0       0
Total ram usage:        0 bytes
 Hardware stack levels used:    1
 Hardware stack levels required when called:    3
 This function calls:
		_Lcd_Cmd
 This function is called by:
		_main
 This function uses a non-reentrant model


 *************** function _Lcd_Cmd *****************
 Defined at:
		line 55 in file "LCD_8b.c"
 Parameters:    Size  Location     Type
  a               1    wreg     unsigned char 
 Auto vars:     Size  Location     Type
  a               1    6[COMMON] unsigned char 
 Return value:  Size  Location     Type
                  1    wreg      void 
 Registers used:
		wreg, status,2, status,0, pclath, cstack
 Tracked objects:
		On entry : 
		On exit  : 
		Unchanged: 
 Data sizes:     COMMON   BANK0   BANK1   BANK3   BANK2
      Params:         0       0       0       0       0
      Locals:         1       0       0       0       0
      Temps:          2       0       0       0       0
      Totals:         3       0       0       0       0
Total ram usage:        3 bytes
 Hardware stack levels used:    1
 Hardware stack levels required when called:    2
 This function calls:
		_Lcd_Port
 This function is called by:
		_Lcd_Clear
		_Lcd_Set_Cursor
		_Lcd_Init
		_Lcd_Shift_Right
		_Lcd_Shift_Left
 This function uses a non-reentrant model


 *************** function _Lcd_Port *****************
 Defined at:
		line 12 in file "LCD_8b.c"
 Parameters:    Size  Location     Type
  a               1    wreg     unsigned char 
 Auto vars:     Size  Location     Type
  a               1    3[COMMON] unsigned char 
 Return value:  Size  Location     Type
                  1    wreg      void 
 Registers used:
		wreg
 Tracked objects:
		On entry : 
		On exit  : 
		Unchanged: 
 Data sizes:     COMMON   BANK0   BANK1   BANK3   BANK2
      Params:         0       0       0       0       0
      Locals:         1       0       0       0       0
      Temps:          0       0       0       0       0
      Totals:         1       0       0       0       0
Total ram usage:        1 bytes
 Hardware stack levels used:    1
 Hardware stack levels required when called:    1
 This function calls:
		Nothing
 This function is called by:
		_Lcd_Cmd
		_Lcd_Init
		_Lcd_Write_Char
 This function uses a non-reentrant model


 *************** function _isr *****************
 Defined at:
		line 73 in file "main_02.c"
 Parameters:    Size  Location     Type
		None
 Auto vars:     Size  Location     Type
		None
 Return value:  Size  Location     Type
                  1    wreg      void 
 Registers used:
		wreg, status,2, status,0
 Tracked objects:
		On entry : 
		On exit  : 
		Unchanged: 
 Data sizes:     COMMON   BANK0   BANK1   BANK3   BANK2
      Params:         0       0       0       0       0
      Locals:         0       0       0       0       0
      Temps:          3       0       0       0       0
      Totals:         3       0       0       0       0
Total ram usage:        3 bytes
 Hardware stack levels used:    1
 This function calls:
		Nothing
 This function is called by:
		Interrupt level 1
 This function uses a non-reentrant model



MODULE INFORMATION

Module		Function		Class		Link	Load	Size
config_USART.c
		_config_USART  		CODE           	0229	0000	28

config_USART.c estimated size: 28

config_ADC.c
		_config_ADC    		CODE           	001C	0000	101

config_ADC.c estimated size: 101

shared
		__stringtab    		STRING         	020D	0000	6
		__initialization		CODE           	000F	0000	9

shared estimated size: 15

main_02.c
		_main          		CODE           	0127	0000	77
		_isr           		CODE           	0174	0000	46
		_setup         		CODE           	01CB	0000	37

main_02.c estimated size: 160

LCD_8b.c
		_Lcd_Write_String		CODE           	01A2	0000	41
		_Lcd_Init      		CODE           	00D9	0000	78
		_Lcd_Write_Char		CODE           	01F0	0000	29
		_Lcd_Cmd       		CODE           	0245	0000	26
		_Lcd_Set_Cursor		CODE           	0081	0000	88
		_Lcd_Clear     		CODE           	025F	0000	13
		_Lcd_Port      		CODE           	026C	0000	6

LCD_8b.c estimated size: 281

